../Drivers/BSP/STM32746G-Discovery/stm32746g_discovery_lcd.c:149:9:BSP_LCD_Init	8	static
../Drivers/BSP/STM32746G-Discovery/stm32746g_discovery_lcd.c:211:9:BSP_LCD_DeInit	8	static
../Drivers/BSP/STM32746G-Discovery/stm32746g_discovery_lcd.c:232:10:BSP_LCD_GetXSize	4	static
../Drivers/BSP/STM32746G-Discovery/stm32746g_discovery_lcd.c:241:10:BSP_LCD_GetYSize	4	static
../Drivers/BSP/STM32746G-Discovery/stm32746g_discovery_lcd.c:251:6:BSP_LCD_SetXSize	16	static
../Drivers/BSP/STM32746G-Discovery/stm32746g_discovery_lcd.c:261:6:BSP_LCD_SetYSize	16	static
../Drivers/BSP/STM32746G-Discovery/stm32746g_discovery_lcd.c:272:6:BSP_LCD_LayerDefaultInit	72	static
../Drivers/BSP/STM32746G-Discovery/stm32746g_discovery_lcd.c:306:6:BSP_LCD_LayerRgb565Init	72	static
../Drivers/BSP/STM32746G-Discovery/stm32746g_discovery_lcd.c:339:6:BSP_LCD_SelectLayer	16	static
../Drivers/BSP/STM32746G-Discovery/stm32746g_discovery_lcd.c:353:6:BSP_LCD_SetLayerVisible	16	static
../Drivers/BSP/STM32746G-Discovery/stm32746g_discovery_lcd.c:375:6:BSP_LCD_SetLayerVisible_NoReload	16	static
../Drivers/BSP/STM32746G-Discovery/stm32746g_discovery_lcd.c:395:6:BSP_LCD_SetTransparency	16	static
../Drivers/BSP/STM32746G-Discovery/stm32746g_discovery_lcd.c:407:6:BSP_LCD_SetTransparency_NoReload	16	static
../Drivers/BSP/STM32746G-Discovery/stm32746g_discovery_lcd.c:418:6:BSP_LCD_SetLayerAddress	16	static
../Drivers/BSP/STM32746G-Discovery/stm32746g_discovery_lcd.c:429:6:BSP_LCD_SetLayerAddress_NoReload	16	static
../Drivers/BSP/STM32746G-Discovery/stm32746g_discovery_lcd.c:443:6:BSP_LCD_SetLayerWindow	24	static
../Drivers/BSP/STM32746G-Discovery/stm32746g_discovery_lcd.c:461:6:BSP_LCD_SetLayerWindow_NoReload	24	static
../Drivers/BSP/STM32746G-Discovery/stm32746g_discovery_lcd.c:476:6:BSP_LCD_SetColorKeying	16	static
../Drivers/BSP/STM32746G-Discovery/stm32746g_discovery_lcd.c:489:6:BSP_LCD_SetColorKeying_NoReload	16	static
../Drivers/BSP/STM32746G-Discovery/stm32746g_discovery_lcd.c:501:6:BSP_LCD_ResetColorKeying	16	static
../Drivers/BSP/STM32746G-Discovery/stm32746g_discovery_lcd.c:512:6:BSP_LCD_ResetColorKeying_NoReload	16	static
../Drivers/BSP/STM32746G-Discovery/stm32746g_discovery_lcd.c:525:6:BSP_LCD_Reload	16	static
../Drivers/BSP/STM32746G-Discovery/stm32746g_discovery_lcd.c:535:6:BSP_LCD_SetTextColor	16	static
../Drivers/BSP/STM32746G-Discovery/stm32746g_discovery_lcd.c:544:10:BSP_LCD_GetTextColor	4	static
../Drivers/BSP/STM32746G-Discovery/stm32746g_discovery_lcd.c:554:6:BSP_LCD_SetBackColor	16	static
../Drivers/BSP/STM32746G-Discovery/stm32746g_discovery_lcd.c:563:10:BSP_LCD_GetBackColor	4	static
../Drivers/BSP/STM32746G-Discovery/stm32746g_discovery_lcd.c:573:6:BSP_LCD_SetFont	16	static
../Drivers/BSP/STM32746G-Discovery/stm32746g_discovery_lcd.c:582:8:BSP_LCD_GetFont	4	static
../Drivers/BSP/STM32746G-Discovery/stm32746g_discovery_lcd.c:593:10:BSP_LCD_ReadPixel	32	static
../Drivers/BSP/STM32746G-Discovery/stm32746g_discovery_lcd.c:628:6:BSP_LCD_Clear	40	static
../Drivers/BSP/STM32746G-Discovery/stm32746g_discovery_lcd.c:639:6:BSP_LCD_ClearStringLine	32	static
../Drivers/BSP/STM32746G-Discovery/stm32746g_discovery_lcd.c:659:6:BSP_LCD_DisplayChar	24	static
../Drivers/BSP/STM32746G-Discovery/stm32746g_discovery_lcd.c:677:6:BSP_LCD_DisplayStringAt	48	static
../Drivers/BSP/STM32746G-Discovery/stm32746g_discovery_lcd.c:738:6:BSP_LCD_DisplayStringAtLine	16	static
../Drivers/BSP/STM32746G-Discovery/stm32746g_discovery_lcd.c:750:6:BSP_LCD_DrawHLine	40	static
../Drivers/BSP/STM32746G-Discovery/stm32746g_discovery_lcd.c:775:6:BSP_LCD_DrawVLine	48	static
../Drivers/BSP/STM32746G-Discovery/stm32746g_discovery_lcd.c:801:6:BSP_LCD_DrawLine	56	static
../Drivers/BSP/STM32746G-Discovery/stm32746g_discovery_lcd.c:876:6:BSP_LCD_DrawRect	24	static
../Drivers/BSP/STM32746G-Discovery/stm32746g_discovery_lcd.c:894:6:BSP_LCD_DrawCircle	40	static
../Drivers/BSP/STM32746G-Discovery/stm32746g_discovery_lcd.c:941:6:BSP_LCD_DrawPolygon	32	static
../Drivers/BSP/STM32746G-Discovery/stm32746g_discovery_lcd.c:969:6:BSP_LCD_DrawEllipse	64	static
../Drivers/BSP/STM32746G-Discovery/stm32746g_discovery_lcd.c:1002:6:BSP_LCD_DrawPixel	24	static
../Drivers/BSP/STM32746G-Discovery/stm32746g_discovery_lcd.c:1022:6:BSP_LCD_DrawBitmap	56	static
../Drivers/BSP/STM32746G-Discovery/stm32746g_discovery_lcd.c:1080:6:BSP_LCD_FillRect	48	static
../Drivers/BSP/STM32746G-Discovery/stm32746g_discovery_lcd.c:1107:6:BSP_LCD_FillCircle	32	static
../Drivers/BSP/STM32746G-Discovery/stm32746g_discovery_lcd.c:1155:6:BSP_LCD_FillPolygon	64	static
../Drivers/BSP/STM32746G-Discovery/stm32746g_discovery_lcd.c:1223:6:BSP_LCD_FillEllipse	56	static
../Drivers/BSP/STM32746G-Discovery/stm32746g_discovery_lcd.c:1253:6:BSP_LCD_DisplayOn	8	static
../Drivers/BSP/STM32746G-Discovery/stm32746g_discovery_lcd.c:1265:6:BSP_LCD_DisplayOff	8	static
../Drivers/BSP/STM32746G-Discovery/stm32746g_discovery_lcd.c:1279:13:BSP_LCD_MspInit	72	static
../Drivers/BSP/STM32746G-Discovery/stm32746g_discovery_lcd.c:1351:13:BSP_LCD_MspDeInit	40	static
../Drivers/BSP/STM32746G-Discovery/stm32746g_discovery_lcd.c:1400:13:BSP_LCD_ClockConfig	16	static
../Drivers/BSP/STM32746G-Discovery/stm32746g_discovery_lcd.c:1428:13:DrawChar	40	static
../Drivers/BSP/STM32746G-Discovery/stm32746g_discovery_lcd.c:1487:13:FillTriangle	56	static
../Drivers/BSP/STM32746G-Discovery/stm32746g_discovery_lcd.c:1565:13:LL_FillBuffer	32	static
../Drivers/BSP/STM32746G-Discovery/stm32746g_discovery_lcd.c:1603:13:LL_ConvertLineToARGB8888	32	static
