../Core/Src/main.c:154:5:main	48	static
../Core/Src/main.c:253:6:SystemClock_Config	88	static
../Core/Src/main.c:310:6:PeriphCommonClock_Config	144	static
../Core/Src/main.c:338:13:MX_ADC3_Init	24	static
../Core/Src/main.c:390:13:MX_CRC_Init	8	static
../Core/Src/main.c:421:13:MX_DCMI_Init	8	static
../Core/Src/main.c:458:13:MX_DMA2D_Init	8	static
../Core/Src/main.c:495:13:MX_ETH_Init	8	static
../Core/Src/main.c:544:13:MX_I2C1_Init	8	static
../Core/Src/main.c:592:13:MX_I2C3_Init	8	static
../Core/Src/main.c:640:13:MX_LTDC_Init	64	static
../Core/Src/main.c:702:13:MX_QUADSPI_Init	8	static
../Core/Src/main.c:737:13:MX_RTC_Init	72	static
../Core/Src/main.c:833:13:MX_SAI2_Init	8	static
../Core/Src/main.c:908:13:MX_SDMMC1_SD_Init	4	static
../Core/Src/main.c:936:13:MX_SPDIFRX_Init	8	static
../Core/Src/main.c:972:13:MX_TIM1_Init	112	static
../Core/Src/main.c:1052:13:MX_TIM2_Init	64	static
../Core/Src/main.c:1111:13:MX_TIM3_Init	64	static
../Core/Src/main.c:1170:13:MX_TIM5_Init	64	static
../Core/Src/main.c:1229:13:MX_TIM8_Init	40	static
../Core/Src/main.c:1276:13:MX_TIM12_Init	40	static
../Core/Src/main.c:1318:13:MX_USART1_UART_Init	8	static
../Core/Src/main.c:1353:13:MX_USART6_UART_Init	8	static
../Core/Src/main.c:1386:13:MX_DMA_Init	16	static
../Core/Src/main.c:1409:13:MX_FMC_Init	40	static
../Core/Src/main.c:1460:13:MX_GPIO_Init	72	static
../Core/Src/main.c:1633:6:StartDefaultTask	16	static
../Core/Src/main.c:1659:6:HAL_TIM_PeriodElapsedCallback	16	static
../Core/Src/main.c:1676:6:Error_Handler	4	static,ignoring_inline_asm
