../Core/Src/stm32f7xx_hal_msp.c:68:6:HAL_MspInit	16	static
../Core/Src/stm32f7xx_hal_msp.c:92:6:HAL_ADC_MspInit	48	static
../Core/Src/stm32f7xx_hal_msp.c:137:6:HAL_ADC_MspDeInit	16	static
../Core/Src/stm32f7xx_hal_msp.c:173:6:HAL_CRC_MspInit	24	static
../Core/Src/stm32f7xx_hal_msp.c:195:6:HAL_CRC_MspDeInit	16	static
../Core/Src/stm32f7xx_hal_msp.c:217:6:HAL_DCMI_MspInit	64	static
../Core/Src/stm32f7xx_hal_msp.c:295:6:HAL_DCMI_MspDeInit	16	static
../Core/Src/stm32f7xx_hal_msp.c:342:6:HAL_DMA2D_MspInit	24	static
../Core/Src/stm32f7xx_hal_msp.c:367:6:HAL_DMA2D_MspDeInit	16	static
../Core/Src/stm32f7xx_hal_msp.c:392:6:HAL_ETH_MspInit	64	static
../Core/Src/stm32f7xx_hal_msp.c:451:6:HAL_ETH_MspDeInit	16	static
../Core/Src/stm32f7xx_hal_msp.c:491:6:HAL_I2C_MspInit	184	static
../Core/Src/stm32f7xx_hal_msp.c:570:6:HAL_I2C_MspDeInit	16	static
../Core/Src/stm32f7xx_hal_msp.c:621:6:HAL_LTDC_MspInit	64	static
../Core/Src/stm32f7xx_hal_msp.c:722:6:HAL_LTDC_MspDeInit	16	static
../Core/Src/stm32f7xx_hal_msp.c:791:6:HAL_QSPI_MspInit	56	static
../Core/Src/stm32f7xx_hal_msp.c:854:6:HAL_QSPI_MspDeInit	16	static
../Core/Src/stm32f7xx_hal_msp.c:891:6:HAL_RTC_MspInit	152	static
../Core/Src/stm32f7xx_hal_msp.c:924:6:HAL_RTC_MspDeInit	16	static
../Core/Src/stm32f7xx_hal_msp.c:946:6:HAL_SD_MspInit	48	static
../Core/Src/stm32f7xx_hal_msp.c:1041:6:HAL_SD_MspDeInit	16	static
../Core/Src/stm32f7xx_hal_msp.c:1083:6:HAL_SPDIFRX_MspInit	176	static
../Core/Src/stm32f7xx_hal_msp.c:1133:6:HAL_SPDIFRX_MspDeInit	16	static
../Core/Src/stm32f7xx_hal_msp.c:1161:6:HAL_TIM_Base_MspInit	40	static
../Core/Src/stm32f7xx_hal_msp.c:1227:6:HAL_TIM_PWM_MspInit	24	static
../Core/Src/stm32f7xx_hal_msp.c:1243:6:HAL_TIM_MspPostInit	56	static
../Core/Src/stm32f7xx_hal_msp.c:1358:6:HAL_TIM_Base_MspDeInit	16	static
../Core/Src/stm32f7xx_hal_msp.c:1424:6:HAL_TIM_PWM_MspDeInit	16	static
../Core/Src/stm32f7xx_hal_msp.c:1446:6:HAL_UART_MspInit	192	static
../Core/Src/stm32f7xx_hal_msp.c:1535:6:HAL_UART_MspDeInit	16	static
../Core/Src/stm32f7xx_hal_msp.c:1580:13:HAL_FMC_MspInit	32	static
../Core/Src/stm32f7xx_hal_msp.c:1686:6:HAL_SDRAM_MspInit	16	static
../Core/Src/stm32f7xx_hal_msp.c:1698:13:HAL_FMC_MspDeInit	8	static
../Core/Src/stm32f7xx_hal_msp.c:1772:6:HAL_SDRAM_MspDeInit	16	static
../Core/Src/stm32f7xx_hal_msp.c:1788:6:HAL_SAI_MspInit	48	static
../Core/Src/stm32f7xx_hal_msp.c:1882:6:HAL_SAI_MspDeInit	16	static
