../Drivers/BSP/STM32746G-Discovery/stm32746g_discovery.c:161:10:BSP_GetVersion	4	static
../Drivers/BSP/STM32746G-Discovery/stm32746g_discovery.c:173:6:BSP_LED_Init	48	static
../Drivers/BSP/STM32746G-Discovery/stm32746g_discovery.c:205:6:BSP_LED_DeInit	40	static
../Drivers/BSP/STM32746G-Discovery/stm32746g_discovery.c:228:6:BSP_LED_On	24	static
../Drivers/BSP/STM32746G-Discovery/stm32746g_discovery.c:246:6:BSP_LED_Off	24	static
../Drivers/BSP/STM32746G-Discovery/stm32746g_discovery.c:264:6:BSP_LED_Toggle	24	static
../Drivers/BSP/STM32746G-Discovery/stm32746g_discovery.c:292:6:BSP_PB_Init	48	static
../Drivers/BSP/STM32746G-Discovery/stm32746g_discovery.c:346:6:BSP_PB_DeInit	40	static
../Drivers/BSP/STM32746G-Discovery/stm32746g_discovery.c:368:10:BSP_PB_GetState	16	static
../Drivers/BSP/STM32746G-Discovery/stm32746g_discovery.c:383:6:BSP_COM_Init	48	static
../Drivers/BSP/STM32746G-Discovery/stm32746g_discovery.c:423:6:BSP_COM_DeInit	16	static
../Drivers/BSP/STM32746G-Discovery/stm32746g_discovery.c:449:13:I2Cx_MspInit	56	static
../Drivers/BSP/STM32746G-Discovery/stm32746g_discovery.c:536:13:I2Cx_Init	16	static
../Drivers/BSP/STM32746G-Discovery/stm32746g_discovery.c:574:26:I2Cx_ReadMultiple	48	static
../Drivers/BSP/STM32746G-Discovery/stm32746g_discovery.c:604:26:I2Cx_WriteMultiple	48	static
../Drivers/BSP/STM32746G-Discovery/stm32746g_discovery.c:632:26:I2Cx_IsDeviceReady	24	static
../Drivers/BSP/STM32746G-Discovery/stm32746g_discovery.c:643:13:I2Cx_Error	16	static
../Drivers/BSP/STM32746G-Discovery/stm32746g_discovery.c:662:6:AUDIO_IO_Init	8	static
../Drivers/BSP/STM32746G-Discovery/stm32746g_discovery.c:671:6:AUDIO_IO_DeInit	4	static
../Drivers/BSP/STM32746G-Discovery/stm32746g_discovery.c:682:6:AUDIO_IO_Write	32	static
../Drivers/BSP/STM32746G-Discovery/stm32746g_discovery.c:699:10:AUDIO_IO_Read	32	static
../Drivers/BSP/STM32746G-Discovery/stm32746g_discovery.c:719:6:AUDIO_IO_Delay	16	static
../Drivers/BSP/STM32746G-Discovery/stm32746g_discovery.c:730:6:CAMERA_IO_Init	8	static
../Drivers/BSP/STM32746G-Discovery/stm32746g_discovery.c:742:6:CAMERA_IO_Write	24	static
../Drivers/BSP/STM32746G-Discovery/stm32746g_discovery.c:753:9:CAMERA_IO_Read	32	static
../Drivers/BSP/STM32746G-Discovery/stm32746g_discovery.c:767:6:CAMERA_Delay	16	static
../Drivers/BSP/STM32746G-Discovery/stm32746g_discovery.c:778:6:EEPROM_IO_Init	8	static
../Drivers/BSP/STM32746G-Discovery/stm32746g_discovery.c:791:19:EEPROM_IO_WriteData	32	static
../Drivers/BSP/STM32746G-Discovery/stm32746g_discovery.c:804:19:EEPROM_IO_ReadData	32	static
../Drivers/BSP/STM32746G-Discovery/stm32746g_discovery.c:816:19:EEPROM_IO_IsDeviceReady	16	static
../Drivers/BSP/STM32746G-Discovery/stm32746g_discovery.c:827:6:TS_IO_Init	8	static
../Drivers/BSP/STM32746G-Discovery/stm32746g_discovery.c:839:6:TS_IO_Write	24	static
../Drivers/BSP/STM32746G-Discovery/stm32746g_discovery.c:850:9:TS_IO_Read	32	static
../Drivers/BSP/STM32746G-Discovery/stm32746g_discovery.c:864:6:TS_IO_Delay	16	static
