../Drivers/STM32F7xx_HAL_Driver/Src/stm32f7xx_hal_spdifrx.c:237:19:HAL_SPDIFRX_Init	24	static
../Drivers/STM32F7xx_HAL_Driver/Src/stm32f7xx_hal_spdifrx.c:332:19:HAL_SPDIFRX_DeInit	16	static
../Drivers/STM32F7xx_HAL_Driver/Src/stm32f7xx_hal_spdifrx.c:377:13:HAL_SPDIFRX_MspInit	16	static
../Drivers/STM32F7xx_HAL_Driver/Src/stm32f7xx_hal_spdifrx.c:392:13:HAL_SPDIFRX_MspDeInit	16	static
../Drivers/STM32F7xx_HAL_Driver/Src/stm32f7xx_hal_spdifrx.c:602:19:HAL_SPDIFRX_SetDataFormat	24	static
../Drivers/STM32F7xx_HAL_Driver/Src/stm32f7xx_hal_spdifrx.c:701:19:HAL_SPDIFRX_ReceiveDataFlow	48	static
../Drivers/STM32F7xx_HAL_Driver/Src/stm32f7xx_hal_spdifrx.c:775:19:HAL_SPDIFRX_ReceiveControlFlow	48	static
../Drivers/STM32F7xx_HAL_Driver/Src/stm32f7xx_hal_spdifrx.c:847:19:HAL_SPDIFRX_ReceiveDataFlow_IT	32	static
../Drivers/STM32F7xx_HAL_Driver/Src/stm32f7xx_hal_spdifrx.c:932:19:HAL_SPDIFRX_ReceiveControlFlow_IT	32	static
../Drivers/STM32F7xx_HAL_Driver/Src/stm32f7xx_hal_spdifrx.c:1017:19:HAL_SPDIFRX_ReceiveDataFlow_DMA	32	static
../Drivers/STM32F7xx_HAL_Driver/Src/stm32f7xx_hal_spdifrx.c:1118:19:HAL_SPDIFRX_ReceiveControlFlow_DMA	32	static
../Drivers/STM32F7xx_HAL_Driver/Src/stm32f7xx_hal_spdifrx.c:1217:19:HAL_SPDIFRX_DMAStop	16	static
../Drivers/STM32F7xx_HAL_Driver/Src/stm32f7xx_hal_spdifrx.c:1246:6:HAL_SPDIFRX_IRQHandler	24	static
../Drivers/STM32F7xx_HAL_Driver/Src/stm32f7xx_hal_spdifrx.c:1295:13:HAL_SPDIFRX_RxHalfCpltCallback	16	static
../Drivers/STM32F7xx_HAL_Driver/Src/stm32f7xx_hal_spdifrx.c:1310:13:HAL_SPDIFRX_RxCpltCallback	16	static
../Drivers/STM32F7xx_HAL_Driver/Src/stm32f7xx_hal_spdifrx.c:1325:13:HAL_SPDIFRX_CxHalfCpltCallback	16	static
../Drivers/STM32F7xx_HAL_Driver/Src/stm32f7xx_hal_spdifrx.c:1340:13:HAL_SPDIFRX_CxCpltCallback	16	static
../Drivers/STM32F7xx_HAL_Driver/Src/stm32f7xx_hal_spdifrx.c:1355:13:HAL_SPDIFRX_ErrorCallback	16	static
../Drivers/STM32F7xx_HAL_Driver/Src/stm32f7xx_hal_spdifrx.c:1389:26:HAL_SPDIFRX_GetState	16	static
../Drivers/STM32F7xx_HAL_Driver/Src/stm32f7xx_hal_spdifrx.c:1399:10:HAL_SPDIFRX_GetError	16	static
../Drivers/STM32F7xx_HAL_Driver/Src/stm32f7xx_hal_spdifrx.c:1413:13:SPDIFRX_DMARxCplt	24	static
../Drivers/STM32F7xx_HAL_Driver/Src/stm32f7xx_hal_spdifrx.c:1436:13:SPDIFRX_DMARxHalfCplt	24	static
../Drivers/STM32F7xx_HAL_Driver/Src/stm32f7xx_hal_spdifrx.c:1453:13:SPDIFRX_DMACxCplt	24	static
../Drivers/STM32F7xx_HAL_Driver/Src/stm32f7xx_hal_spdifrx.c:1474:13:SPDIFRX_DMACxHalfCplt	24	static
../Drivers/STM32F7xx_HAL_Driver/Src/stm32f7xx_hal_spdifrx.c:1490:13:SPDIFRX_DMAError	24	static
../Drivers/STM32F7xx_HAL_Driver/Src/stm32f7xx_hal_spdifrx.c:1517:13:SPDIFRX_ReceiveDataFlow_IT	16	static
../Drivers/STM32F7xx_HAL_Driver/Src/stm32f7xx_hal_spdifrx.c:1547:13:SPDIFRX_ReceiveControlFlow_IT	16	static
../Drivers/STM32F7xx_HAL_Driver/Src/stm32f7xx_hal_spdifrx.c:1581:26:SPDIFRX_WaitOnFlagUntilTimeout	24	static
